clap_cli 0.1.0
Author Name
A Very simple App with multiple subcommands

USAGE:
    clap_cli <SUBCOMMAND>

OPTIONS:
    -h, --help       Print help information
    -V, --version    Print version information

SUBCOMMANDS:
    app1    Run app 1
    app2    Run app 1
    help    Print this message or the help of the given subcommand(s)
